
> betchess@0.1.0 worker
> tsx --env-file=.env worker/index.ts

Bot Endgame Sage signed in
Bot Centipawn Capital signed in
Bot Tactical Surge signed in
Worker 11111111-1111-4111-8111-111111111111 watching 4 Lichess TV feed(s) (auto-discovery) with 3 bot(s)
Lease acquired — this worker is authoritative
Featured mKc5pYPP: Aomine_12 vs Renz88 (market suspended)
Featured 4d7kRrYq: taisonnn vs GM O-Almeida (market open)
Stockfish binary "stockfish" unavailable — using built-in material evaluation for bot decisions
Featured h5MbRCha: Zalameroo vs Cerrh34 (market open)
Featured gOYbz18a: NM JJPlayz vs TaktikFux123 (market open)
Bot Centipawn Capital bought 26.1 draw shares (edge 5.9pp)
Bot Tactical Surge bought 40.9 draw shares (edge 3.8pp)
Bot Endgame Sage bought 17.1 black shares (edge 8.6pp)
Bot Tactical Surge bought 51.7 draw shares (edge 5.9pp)
Bot Centipawn Capital bought 40.3 black shares (edge 8.6pp)
Bot Tactical Surge bought 75.3 black shares (edge 8.6pp)
Bot Centipawn Capital bought 22.8 black shares (edge 4.8pp)
Bot Endgame Sage bought 48.5 white shares (edge 42.4pp)
Bot Tactical Surge bought 88.0 draw shares (edge 10.4pp)
Bot Tactical Surge bought 59.9 black shares (edge 7.1pp)
Bot Endgame Sage bought 48.7 white shares (edge 42.3pp)
Bot Tactical Surge bought 135.3 white shares (edge 42.3pp)
Bot Centipawn Capital bought 22.2 white shares (edge 4.6pp)
Featured Et81iwnG: Mandetowitch vs Neymar1393 (market open)
Bot Tactical Surge bought 39.5 black shares (edge 3.4pp)
Bot Endgame Sage bought 14.4 draw shares (edge 8.7pp)
Bot Centipawn Capital bought 33.9 draw shares (edge 8.7pp)
Bot Tactical Surge bought 63.4 draw shares (edge 8.7pp)
Bot Centipawn Capital bought 90.7 black shares (edge 40.8pp)
Bot Tactical Surge bought 141.7 black shares (edge 40.8pp)
Bot Tactical Surge bought 104.3 white shares (edge 14.5pp)
Bot Endgame Sage bought 51.3 white shares (edge 29.5pp)
Bot Centipawn Capital bought 91.2 white shares (edge 29.5pp)
Featured a4MTQlB0: GM O-Almeida vs taisonnn (market open)
Bot Endgame Sage bought 14.4 draw shares (edge 8.7pp)
Bot Centipawn Capital bought 33.9 draw shares (edge 8.7pp)
Bot Tactical Surge bought 63.4 draw shares (edge 8.7pp)
Bot Endgame Sage bought 15.2 draw shares (edge 7.9pp)
Bot Tactical Surge bought 69.7 draw shares (edge 7.9pp)
Bot Centipawn Capital bought 53.4 draw shares (edge 12.0pp)
Bot Tactical Surge bought 81.8 white shares (edge 11.8pp)
Bot Tactical Surge bought 39.1 black shares (edge 3.7pp)
Bot Tactical Surge bought 67.5 draw shares (edge 7.3pp)
Stream disconnected https://lichess.org/api/tv/classical/feed terminated
Featured mKc5pYPP: Aomine_12 vs Renz88 (market suspended)
Bot Tactical Surge bought 41.5 draw shares (edge 4.1pp)
Bot Endgame Sage bought 46.3 white shares (edge 31.8pp)
Bot Centipawn Capital bought 82.3 white shares (edge 31.8pp)
Bot Tactical Surge bought 128.6 white shares (edge 31.8pp)
Bot Endgame Sage bought 14.6 white shares (edge 8.3pp)
Bot Centipawn Capital bought 34.8 white shares (edge 8.3pp)
Bot Tactical Surge bought 65.5 white shares (edge 8.3pp)
Bot Endgame Sage bought 19.8 white shares (edge 9.6pp)
Bot Centipawn Capital bought 45.3 white shares (edge 9.6pp)
Bot Tactical Surge bought 83.5 white shares (edge 9.6pp)
Bot Tactical Surge bought 57.5 draw shares (edge 6.6pp)
Bot Tactical Surge bought 60.8 black shares (edge 5.8pp)
Bot Centipawn Capital bought 36.7 black shares (edge 8.4pp)
Bot Centipawn Capital bought 52.4 draw shares (edge 12.8pp)
Bot Tactical Surge bought 93.4 draw shares (edge 12.8pp)
Bot Tactical Surge bought 54.7 black shares (edge 5.9pp)
Bot Endgame Sage bought 23.7 draw shares (edge 11.0pp)
Bot Centipawn Capital bought 52.7 draw shares (edge 11.0pp)
Bot Tactical Surge bought 95.6 draw shares (edge 11.0pp)
Bot Centipawn Capital bought 22.7 draw shares (edge 4.6pp)
Bot Tactical Surge bought 47.2 draw shares (edge 4.6pp)
Bot Endgame Sage bought 51.3 black shares (edge 35.6pp)
Bot Endgame Sage bought 50.9 black shares (edge 44.7pp)
Bot Centipawn Capital bought 90.5 black shares (edge 44.7pp)
Bot Tactical Surge bought 141.4 black shares (edge 44.7pp)
Bot Tactical Surge bought 163.9 white shares (edge 55.8pp)
Bot Centipawn Capital bought 108.4 black shares (edge 23.5pp)
Bot Tactical Surge bought 80.2 white shares (edge 9.9pp)
Featured xzlGK94P: Cerrh34 vs Zalameroo (market open)
Bot Endgame Sage bought 14.4 draw shares (edge 8.7pp)
Bot Centipawn Capital bought 33.9 draw shares (edge 8.7pp)
Bot Tactical Surge bought 63.4 draw shares (edge 8.7pp)
Bot Endgame Sage bought 72.6 draw shares (edge 39.4pp)
Bot Centipawn Capital bought 129.1 draw shares (edge 39.4pp)
Bot Tactical Surge bought 201.7 draw shares (edge 39.4pp)
Stream disconnected https://lichess.org/api/tv/classical/feed terminated
Featured mKc5pYPP: Aomine_12 vs Renz88 (market suspended)
Bot Tactical Surge bought 81.8 white shares (edge 11.8pp)
Bot Tactical Surge bought 211.1 draw shares (edge 33.8pp)
Bot Endgame Sage bought 19.4 draw shares (edge 9.8pp)
Bot Centipawn Capital bought 44.4 draw shares (edge 9.8pp)
Bot Tactical Surge bought 81.6 draw shares (edge 9.8pp)
Bot Centipawn Capital bought 21.7 white shares (edge 4.7pp)
Bot Centipawn Capital bought 136.5 white shares (edge 27.5pp)
Bot Tactical Surge bought 42.8 black shares (edge 4.3pp)
Bot Tactical Surge bought 88.1 white shares (edge 6.4pp)
Featured rj1Jj7TR: taisonnn vs GM O-Almeida (market open)
Bot Endgame Sage bought 14.4 draw shares (edge 8.7pp)
Bot Centipawn Capital bought 33.9 draw shares (edge 8.7pp)
Bot Tactical Surge bought 63.4 draw shares (edge 8.7pp)
Bot Tactical Surge bought 43.3 white shares (edge 4.3pp)
Bot Tactical Surge bought 43.4 white shares (edge 3.4pp)
Bot Tactical Surge bought 34.9 black shares (edge 2.8pp)
Bot Centipawn Capital bought 45.5 black shares (edge 11.8pp)
Bot Tactical Surge bought 81.8 black shares (edge 11.8pp)
Bot Endgame Sage bought 38.6 black shares (edge 20.5pp)
Bot Tactical Surge bought 60.1 draw shares (edge 7.3pp)
Stream disconnected https://lichess.org/api/tv/classical/feed terminated
Bot Endgame Sage bought 41.2 black shares (edge 21.4pp)
Bot Centipawn Capital bought 82.2 black shares (edge 21.4pp)
Bot Tactical Surge bought 134.5 black shares (edge 21.4pp)
Featured mKc5pYPP: Aomine_12 vs Renz88 (market suspended)
Bot Centipawn Capital bought 36.9 white shares (edge 8.7pp)
Bot Tactical Surge bought 55.1 white shares (edge 6.2pp)
Bot Tactical Surge bought 109.3 white shares (edge 14.8pp)
Bot Centipawn Capital bought 23.8 draw shares (edge 5.0pp)
Bot Tactical Surge bought 48.7 draw shares (edge 5.0pp)
Bot Endgame Sage bought 14.0 black shares (edge 7.7pp)
Bot Tactical Surge bought 58.1 black shares (edge 6.5pp)
Bot Endgame Sage bought 22.4 white shares (edge 10.8pp)
Bot Centipawn Capital bought 49.9 white shares (edge 10.8pp)
Bot Tactical Surge bought 90.8 white shares (edge 10.8pp)
Bot Centipawn Capital bought 33.2 white shares (edge 7.3pp)
Bot Tactical Surge bought 50.1 white shares (edge 4.9pp)
Bot Endgame Sage bought 24.5 draw shares (edge 12.2pp)
Bot Centipawn Capital bought 53.2 draw shares (edge 12.2pp)
Bot Tactical Surge bought 95.3 draw shares (edge 12.2pp)
Bot Tactical Surge bought 73.1 black shares (edge 7.6pp)
Bot Endgame Sage bought 29.3 black shares (edge 14.6pp)
Bot Tactical Surge bought 91.8 white shares (edge 11.2pp)
Bot Centipawn Capital bought 92.4 black shares (edge 29.8pp)
Stream disconnected https://lichess.org/api/tv/classical/feed terminated
Bot Tactical Surge bought 144.3 black shares (edge 29.8pp)
Featured mKc5pYPP: Aomine_12 vs Renz88 (market suspended)
Bot Tactical Surge bought 154.2 black shares (edge 27.5pp)
Featured E5OIG183: GM O-Almeida vs taisonnn (market open)
Bot Endgame Sage bought 14.4 draw shares (edge 8.7pp)
Bot Centipawn Capital bought 33.9 draw shares (edge 8.7pp)
Bot Tactical Surge bought 63.4 draw shares (edge 8.7pp)
Bot Tactical Surge bought 81.8 black shares (edge 11.8pp)
Bot Tactical Surge bought 42.4 white shares (edge 3.2pp)
Bot Centipawn Capital bought 25.1 draw shares (edge 4.6pp)
Bot Tactical Surge bought 39.1 white shares (edge 3.7pp)
Bot Tactical Surge bought 39.3 draw shares (edge 2.6pp)
Bot Centipawn Capital bought 26.9 black shares (edge 6.2pp)
Stream disconnected https://lichess.org/api/tv/rapid/feed terminated
Featured Et81iwnG: Mandetowitch vs Neymar1393 (market open)
Bot Endgame Sage bought 21.0 draw shares (edge 9.8pp)
Bot Centipawn Capital bought 47.9 draw shares (edge 9.8pp)
Bot Tactical Surge bought 88.2 draw shares (edge 9.8pp)
Bot Endgame Sage bought 47.7 black shares (edge 39.2pp)
Bot Tactical Surge bought 132.4 black shares (edge 39.2pp)
Bot Centipawn Capital bought 85.7 black shares (edge 21.6pp)
Bot Tactical Surge bought 78.9 black shares (edge 8.0pp)
Bot Tactical Surge bought 142.1 draw shares (edge 20.3pp)
Stream disconnected https://lichess.org/api/tv/classical/feed terminated
Bot Centipawn Capital bought 106.2 black shares (edge 23.8pp)
Bot Endgame Sage bought 26.9 white shares (edge 12.6pp)
Bot Centipawn Capital bought 58.2 white shares (edge 12.6pp)
Bot Tactical Surge bought 103.8 white shares (edge 12.6pp)
Bot Endgame Sage bought 32.3 white shares (edge 13.8pp)
Bot Tactical Surge bought 121.3 white shares (edge 13.8pp)
Bot Tactical Surge bought 113.4 white shares (edge 15.1pp)
Bot Endgame Sage bought 23.5 draw shares (edge 11.6pp)
Bot Centipawn Capital bought 51.7 draw shares (edge 11.6pp)
Bot Tactical Surge bought 58.4 black shares (edge 5.1pp)
Featured mKc5pYPP: Aomine_12 vs Renz88 (market suspended)
Bot Tactical Surge bought 117.8 black shares (edge 15.3pp)
Bot Centipawn Capital bought 104.5 black shares (edge 21.2pp)
Bot Tactical Surge bought 172.9 black shares (edge 21.2pp)
Featured Sr2k5vhG: taisonnn vs GM O-Almeida (market open)
Bot Endgame Sage bought 14.4 draw shares (edge 8.7pp)
Bot Centipawn Capital bought 33.9 draw shares (edge 8.7pp)
Bot Tactical Surge bought 63.4 draw shares (edge 8.7pp)
Bot Endgame Sage bought 38.5 white shares (edge 15.0pp)
Bot Tactical Surge bought 121.2 draw shares (edge 12.4pp)
Bot Endgame Sage bought 58.8 black shares (edge 34.5pp)
Bot Centipawn Capital bought 104.6 black shares (edge 34.5pp)
Bot Tactical Surge bought 163.5 black shares (edge 34.5pp)
Bot Tactical Surge bought 174.3 white shares (edge 28.2pp)
Bot Centipawn Capital bought 81.7 white shares (edge 15.0pp)
Bot Tactical Surge bought 143.2 white shares (edge 15.0pp)
Bot Centipawn Capital bought 73.3 draw shares (edge 13.8pp)
Bot Tactical Surge bought 108.6 draw shares (edge 10.9pp)
Bot Tactical Surge bought 76.6 white shares (edge 6.6pp)
Bot Endgame Sage bought 46.3 white shares (edge 61.0pp)
Bot Centipawn Capital bought 82.3 white shares (edge 61.0pp)
Bot Tactical Surge bought 128.6 white shares (edge 61.0pp)
Bot Endgame Sage bought 18.9 draw shares (edge 7.8pp)
Bot Centipawn Capital bought 46.0 draw shares (edge 7.8pp)
Bot Tactical Surge bought 120.7 draw shares (edge 12.1pp)
Bot Tactical Surge bought 137.1 black shares (edge 21.2pp)
Bot Centipawn Capital bought 66.5 draw shares (edge 16.3pp)
Stream disconnected https://lichess.org/api/tv/classical/feed terminated
Bot Tactical Surge bought 35.4 black shares (edge 2.5pp)
Bot Tactical Surge bought 54.6 draw shares (edge 3.5pp)
Bot Endgame Sage bought 23.8 draw shares (edge 12.1pp)
Bot Tactical Surge bought 81.0 draw shares (edge 10.1pp)
Stream disconnected https://lichess.org/api/tv/rapid/feed terminated
Bot Centipawn Capital bought 92.9 black shares (edge 34.6pp)
Featured Et81iwnG: Mandetowitch vs Neymar1393 (market open)
Bot Endgame Sage bought 29.2 draw shares (edge 11.1pp)
Bot Centipawn Capital bought 64.6 draw shares (edge 11.1pp)
Bot Tactical Surge bought 117.0 draw shares (edge 11.1pp)
Bot Tactical Surge bought 62.8 draw shares (edge 6.7pp)
Featured mKc5pYPP: Aomine_12 vs Renz88 (market suspended)
Bot Endgame Sage bought 53.8 black shares (edge 51.2pp)
Bot Endgame Sage bought 24.4 draw shares (edge 9.6pp)
Bot Centipawn Capital bought 56.0 draw shares (edge 9.6pp)
Bot Tactical Surge bought 103.3 draw shares (edge 9.6pp)
Bot Tactical Surge bought 55.1 black shares (edge 5.3pp)
Bot Tactical Surge bought 65.4 white shares (edge 4.5pp)
Bot Centipawn Capital bought 32.9 draw shares (edge 6.6pp)
Bot Tactical Surge bought 64.1 draw shares (edge 6.6pp)
Bot Tactical Surge bought 106.1 white shares (edge 9.5pp)
Featured Vu1idJ3O: Zalameroo vs Cerrh34 (market open)
Bot Endgame Sage bought 14.4 draw shares (edge 8.7pp)
Bot Centipawn Capital bought 33.9 draw shares (edge 8.7pp)
Bot Tactical Surge bought 63.4 draw shares (edge 8.7pp)
Bot Tactical Surge bought 72.7 white shares (edge 7.7pp)
Bot Tactical Surge bought 61.4 black shares (edge 3.9pp)
Bot Tactical Surge bought 81.8 black shares (edge 11.8pp)
Featured XFiuIEtW: GM O-Almeida vs taisonnn (market open)
Bot Endgame Sage bought 14.4 draw shares (edge 8.7pp)
Bot Centipawn Capital bought 33.9 draw shares (edge 8.7pp)
Bot Tactical Surge bought 63.4 draw shares (edge 8.7pp)
Bot Centipawn Capital bought 21.7 black shares (edge 4.7pp)
Bot Tactical Surge bought 81.8 black shares (edge 11.8pp)
Bot Centipawn Capital bought 83.7 white shares (edge 34.6pp)
Bot Tactical Surge bought 42.8 white shares (edge 4.3pp)
Bot Tactical Surge bought 52.8 draw shares (edge 6.1pp)
Bot Endgame Sage bought 48.4 black shares (edge 59.7pp)
Bot Tactical Surge bought 43.3 black shares (edge 4.3pp)
Bot Tactical Surge bought 135.7 white shares (edge 47.4pp)
Bot Centipawn Capital bought 42.5 draw shares (edge 9.9pp)
Stream disconnected https://lichess.org/api/tv/classical/feed terminated
Bot Endgame Sage bought 72.2 white shares (edge 51.5pp)
Bot Centipawn Capital bought 128.4 white shares (edge 51.5pp)
Bot Tactical Surge bought 200.6 white shares (edge 51.5pp)
Bot Tactical Surge bought 56.4 draw shares (edge 6.1pp)
Bot Endgame Sage bought 46.5 white shares (edge 24.2pp)
Bot Centipawn Capital bought 85.5 white shares (edge 24.2pp)
Bot Tactical Surge bought 133.7 white shares (edge 24.2pp)
Bot Centipawn Capital bought 23.9 black shares (edge 4.8pp)
Bot Tactical Surge bought 38.7 black shares (edge 3.0pp)
Bot Tactical Surge bought 206.4 draw shares (edge 19.0pp)
Bot Endgame Sage bought 21.1 black shares (edge 10.8pp)
Bot Centipawn Capital bought 120.4 black shares (edge 18.7pp)
Bot Tactical Surge bought 99.9 black shares (edge 13.4pp)
Bot Centipawn Capital bought 65.0 black shares (edge 15.4pp)
Bot Tactical Surge bought 75.1 black shares (edge 9.0pp)
Bot Tactical Surge bought 158.4 black shares (edge 13.4pp)
Featured mKc5pYPP: Aomine_12 vs Renz88 (market suspended)
Bot Endgame Sage bought 34.8 draw shares (edge 11.2pp)
Bot Centipawn Capital bought 55.4 black shares (edge 12.7pp)
Bot Tactical Surge bought 98.8 black shares (edge 12.7pp)
Bot Centipawn Capital bought 63.1 draw shares (edge 8.9pp)
Bot Tactical Surge bought 117.6 draw shares (edge 8.9pp)
Bot Endgame Sage bought 35.0 draw shares (edge 16.3pp)
Bot Tactical Surge bought 74.1 white shares (edge 8.1pp)
Bot Endgame Sage bought 26.1 draw shares (edge 12.9pp)
Bot Centipawn Capital bought 56.2 draw shares (edge 12.9pp)
Bot Tactical Surge bought 100.0 draw shares (edge 12.9pp)
Bot Centipawn Capital bought 25.8 draw shares (edge 4.8pp)
Bot Tactical Surge bought 49.8 black shares (edge 4.2pp)
Bot Endgame Sage bought 27.2 black shares (edge 8.8pp)
Bot Centipawn Capital bought 63.7 black shares (edge 8.8pp)
Bot Tactical Surge bought 118.9 black shares (edge 8.8pp)
Bot Centipawn Capital bought 28.4 black shares (edge 5.6pp)
Bot Centipawn Capital bought 31.0 white shares (edge 5.9pp)
Bot Tactical Surge bought 56.9 black shares (edge 5.6pp)
Bot Tactical Surge bought 61.5 white shares (edge 5.9pp)
Bot Endgame Sage bought 16.1 draw shares (edge 7.8pp)
Bot Endgame Sage bought 29.9 draw shares (edge 14.0pp)
Bot Tactical Surge bought 138.1 draw shares (edge 17.3pp)
Bot Tactical Surge bought 94.8 white shares (edge 6.1pp)
Featured UsZVizUv: taisonnn vs GM O-Almeida (market open)
Bot Endgame Sage bought 14.4 draw shares (edge 8.7pp)
Bot Centipawn Capital bought 33.9 draw shares (edge 8.7pp)
Bot Tactical Surge bought 63.4 draw shares (edge 8.7pp)
Bot Tactical Surge bought 96.3 draw shares (edge 11.5pp)
Stream disconnected https://lichess.org/api/tv/classical/feed terminated
Bot Centipawn Capital bought 46.5 draw shares (edge 5.8pp)
Bot Tactical Surge bought 81.8 black shares (edge 11.8pp)
Bot Centipawn Capital bought 21.7 black shares (edge 4.7pp)
Bot Tactical Surge bought 48.4 white shares (edge 3.9pp)
Bot Tactical Surge bought 43.6 white shares (edge 4.5pp)
Bot Endgame Sage bought 56.8 white shares (edge 31.0pp)
Bot Centipawn Capital bought 100.9 white shares (edge 31.0pp)
Bot Tactical Surge bought 107.2 draw shares (edge 12.3pp)
Featured mKc5pYPP: Aomine_12 vs Renz88 (market suspended)
Bot Centipawn Capital bought 24.2 draw shares (edge 5.4pp)
Bot Tactical Surge bought 48.9 draw shares (edge 5.4pp)
Bot Endgame Sage bought 48.5 white shares (edge 35.1pp)
Bot Tactical Surge bought 157.5 black shares (edge 29.3pp)
Bot Centipawn Capital bought 31.6 black shares (edge 5.7pp)
Bot Tactical Surge bought 63.2 black shares (edge 5.7pp)
Bot Centipawn Capital bought 102.0 draw shares (edge 28.6pp)
Bot Tactical Surge bought 70.0 draw shares (edge 6.5pp)
Bot Endgame Sage bought 42.6 draw shares (edge 12.8pp)
Bot Centipawn Capital bought 91.7 draw shares (edge 12.8pp)
Bot Endgame Sage bought 52.6 black shares (edge 22.8pp)
Bot Tactical Surge bought 163.4 draw shares (edge 12.8pp)
Bot Tactical Surge bought 160.7 black shares (edge 22.8pp)
Bot Centipawn Capital bought 76.7 draw shares (edge 15.9pp)
Bot Tactical Surge bought 103.9 draw shares (edge 11.5pp)
Bot Tactical Surge bought 199.9 white shares (edge 15.6pp)
Bot Centipawn Capital bought 112.5 black shares (edge 14.9pp)
Bot Tactical Surge bought 130.1 white shares (edge 15.1pp)
Bot Tactical Surge bought 130.3 black shares (edge 8.6pp)
Bot Endgame Sage bought 62.5 black shares (edge 28.9pp)
Bot Centipawn Capital bought 111.2 black shares (edge 28.9pp)
Stream disconnected https://lichess.org/api/tv/classical/feed terminated
Featured 8gEauJMf: GM O-Almeida vs taisonnn (market open)
Bot Endgame Sage bought 14.4 draw shares (edge 8.7pp)
Bot Centipawn Capital bought 33.9 draw shares (edge 8.7pp)
Bot Tactical Surge bought 63.4 draw shares (edge 8.7pp)
Bot Centipawn Capital bought 52.0 white shares (edge 6.0pp)
Bot Tactical Surge bought 103.0 white shares (edge 6.0pp)
Bot Tactical Surge bought 81.8 white shares (edge 11.8pp)
Bot Endgame Sage bought 52.1 draw shares (edge 14.0pp)
Bot Centipawn Capital bought 58.1 white shares (edge 15.2pp)
Bot Tactical Surge bought 132.6 white shares (edge 34.8pp)
Bot Endgame Sage bought 15.1 black shares (edge 8.3pp)
Featured mKc5pYPP: Aomine_12 vs Renz88 (market suspended)
Bot Endgame Sage bought 28.6 black shares (edge 12.2pp)
Bot Centipawn Capital bought 62.2 black shares (edge 12.2pp)
Bot Tactical Surge bought 111.3 black shares (edge 12.2pp)
Bot Centipawn Capital bought 32.8 black shares (edge 7.4pp)
Bot Tactical Surge bought 62.7 black shares (edge 7.4pp)
Bot Centipawn Capital bought 61.1 black shares (edge 7.0pp)
Bot Tactical Surge bought 117.8 black shares (edge 7.0pp)
Featured y9jNHwVf: Cerrh34 vs Zalameroo (market open)
Bot Endgame Sage bought 14.4 draw shares (edge 8.7pp)
Bot Centipawn Capital bought 33.9 draw shares (edge 8.7pp)
Bot Tactical Surge bought 63.4 draw shares (edge 8.7pp)
Bot Tactical Surge bought 128.6 white shares (edge 22.2pp)
Bot Centipawn Capital bought 46.8 draw shares (edge 4.9pp)
Bot Tactical Surge bought 95.8 draw shares (edge 4.9pp)
Bot Endgame Sage bought 21.1 white shares (edge 11.1pp)
Bot Centipawn Capital bought 46.8 white shares (edge 11.1pp)
Bot Tactical Surge bought 84.8 white shares (edge 11.1pp)
Bot Endgame Sage bought 32.4 white shares (edge 8.8pp)
Bot Centipawn Capital bought 23.8 black shares (edge 5.2pp)
Bot Tactical Surge bought 38.6 black shares (edge 3.5pp)
Bot Tactical Surge bought 72.1 black shares (edge 8.3pp)
Bot Endgame Sage bought 48.1 white shares (edge 44.1pp)
Bot Centipawn Capital bought 30.4 draw shares (edge 6.2pp)
Bot Centipawn Capital bought 55.3 white shares (edge 6.0pp)
Bot Tactical Surge bought 109.5 white shares (edge 6.0pp)
Bot Endgame Sage bought 25.3 draw shares (edge 12.4pp)
Stream disconnected https://lichess.org/api/tv/classical/feed terminated
Bot Tactical Surge bought 98.3 draw shares (edge 12.4pp)
Bot Tactical Surge bought 33.9 black shares (edge 2.5pp)
Bot Centipawn Capital bought 36.0 white shares (edge 7.4pp)
Bot Tactical Surge bought 121.9 black shares (edge 6.8pp)
Bot Tactical Surge bought 50.0 black shares (edge 4.4pp)
Bot Centipawn Capital bought 60.8 draw shares (edge 6.5pp)
Bot Tactical Surge bought 114.8 white shares (edge 14.4pp)
Bot Centipawn Capital bought 33.2 black shares (edge 6.3pp)
Bot Endgame Sage bought 40.1 white shares (edge 17.7pp)
Bot Endgame Sage bought 36.1 white shares (edge 9.4pp)
Bot Tactical Surge bought 154.1 white shares (edge 9.4pp)
Featured mKc5pYPP: Aomine_12 vs Renz88 (market suspended)
Bot Centipawn Capital bought 61.2 black shares (edge 6.3pp)
Featured 4x2hhIKW: taisonnn vs GM O-Almeida (market open)
Bot Endgame Sage bought 14.4 draw shares (edge 8.7pp)
Bot Centipawn Capital bought 33.9 draw shares (edge 8.7pp)
Bot Tactical Surge bought 63.4 draw shares (edge 8.7pp)
Bot Tactical Surge bought 94.8 draw shares (edge 4.2pp)
Bot Tactical Surge bought 128.6 white shares (edge 31.8pp)
Bot Endgame Sage bought 41.3 black shares (edge 21.2pp)
Bot Centipawn Capital bought 82.4 black shares (edge 21.2pp)
Bot Tactical Surge bought 135.9 black shares (edge 21.2pp)
Bot Tactical Surge bought 93.5 black shares (edge 4.0pp)
Bot Centipawn Capital bought 24.3 black shares (edge 5.4pp)
Bot Tactical Surge bought 52.3 draw shares (edge 6.0pp)
Bot Tactical Surge bought 103.5 white shares (edge 13.7pp)
Bot Centipawn Capital bought 58.9 draw shares (edge 13.5pp)
Bot Tactical Surge bought 50.7 black shares (edge 5.6pp)
Bot Tactical Surge bought 82.6 white shares (edge 3.1pp)
Bot Endgame Sage bought 19.5 draw shares (edge 9.8pp)
Bot Tactical Surge bought 82.1 draw shares (edge 9.8pp)
Bot Endgame Sage bought 48.8 white shares (edge 26.1pp)
Bot Centipawn Capital bought 86.7 white shares (edge 26.1pp)
Bot Tactical Surge bought 90.1 draw shares (edge 3.6pp)
Bot Tactical Surge bought 82.7 draw shares (edge 10.7pp)
Bot Centipawn Capital bought 87.1 white shares (edge 20.2pp)
Bot Tactical Surge bought 148.6 white shares (edge 20.2pp)
Bot Endgame Sage bought 109.8 white shares (edge 34.0pp)
Bot Centipawn Capital bought 195.2 white shares (edge 34.0pp)
Bot Centipawn Capital bought 41.6 black shares (edge 9.5pp)
Bot Tactical Surge bought 76.9 black shares (edge 9.5pp)
Featured lruEsQFR: swordartonline_98 vs FM Commissaire-Maigret (market open)
Bot Endgame Sage bought 14.4 draw shares (edge 8.7pp)
Bot Centipawn Capital bought 33.9 draw shares (edge 8.7pp)
Bot Tactical Surge bought 63.4 draw shares (edge 8.7pp)
Bot Tactical Surge bought 46.3 draw shares (edge 3.5pp)
Bot Endgame Sage bought 13.6 draw shares (edge 7.3pp)
Bot Tactical Surge bought 65.0 draw shares (edge 7.3pp)
Bot Centipawn Capital bought 32.8 white shares (edge 6.9pp)
Bot Endgame Sage bought 57.4 white shares (edge 40.9pp)
Bot Centipawn Capital bought 102.0 white shares (edge 40.9pp)
Bot Tactical Surge bought 80.2 black shares (edge 8.0pp)
Featured QBaUAUoZ: ataeee vs helicario (market open)
Bot Endgame Sage bought 14.4 draw shares (edge 8.7pp)
Bot Centipawn Capital bought 33.9 draw shares (edge 8.7pp)
Bot Tactical Surge bought 63.4 draw shares (edge 8.7pp)
Bot Tactical Surge bought 53.0 black shares (edge 5.1pp)
Bot Centipawn Capital bought 45.1 draw shares (edge 8.5pp)
Bot Tactical Surge bought 84.5 draw shares (edge 8.5pp)
Bot Centipawn Capital bought 70.7 white shares (edge 16.3pp)
Bot Tactical Surge bought 122.9 white shares (edge 16.3pp)
Stream disconnected https://lichess.org/api/tv/classical/feed terminated
Bot Endgame Sage bought 18.6 black shares (edge 9.0pp)
Bot Tactical Surge bought 59.5 black shares (edge 4.9pp)
Bot Tactical Surge bought 145.0 black shares (edge 18.7pp)
Bot Centipawn Capital bought 102.3 white shares (edge 23.7pp)
Bot Endgame Sage bought 23.1 draw shares (edge 10.0pp)
Bot Centipawn Capital bought 52.5 draw shares (edge 10.0pp)
Bot Tactical Surge bought 115.9 white shares (edge 13.5pp)
Bot Tactical Surge bought 60.4 black shares (edge 4.9pp)
Bot Endgame Sage bought 21.6 white shares (edge 9.5pp)
Featured mKc5pYPP: Aomine_12 vs Renz88 (market suspended)
Featured nJf9SleA: GM O-Almeida vs taisonnn (market open)
Bot Endgame Sage bought 14.4 draw shares (edge 8.7pp)
Bot Centipawn Capital bought 33.9 draw shares (edge 8.7pp)
Bot Tactical Surge bought 63.4 draw shares (edge 8.7pp)
